pybullet build time: Nov 28 2023 23:45:17
N=150
success: 0.000
ever_grasped: 0.52
collided (any point): 0.46
collided BEFORE ever grasping: 0.37
mean grasp_attempts per episode: 59.6  mean grasp_failures: 58.3
mean steps: 231.9

NEVER-grasped episodes: 72/150 (0.48)
  mean grasp_attempts in never-grasped eps: 101.2

of ever-grasped episodes (78/150):
  min_xy_err: mean=5.7cm  best=0.18cm
  frac with xy_err < insert_xy_tol(1cm): 0.13
  frac with xy_err < 3.5cm: 0.35
  grasp_toggles among grasped eps: mean=3.7 median=3 max=21
  frac of grasped eps with >5 toggles (severe flicker): 0.12
  frac of grasped eps with 0-2 toggles (clean single grasp): 0.42

collision-steps total: 69
  link7                     39  (56.5%)
  link6                     24  (34.8%)
  link5                      7  (10.1%)
  peg(held object)           3  (4.3%)
