pybullet build time: Nov 28 2023 23:45:17
N=150
success: 0.013
ever_grasped: 0.65
collided (any point in episode): 0.76
collided BEFORE ever grasping: 0.27
mean steps: 156.2

of grasped episodes (97/150):
  min_xy_err_to_hole: mean=5.0cm  median=4.1cm  best=0.29cm
  frac with xy_err < 3.5cm: 0.46
  frac with xy_err < 10cm: 0.92
  max_depth: mean=0.00cm  best=0.00cm
  collided (of grasped eps): 0.75

collision-steps total: 114
which part of the arm/peg was in contact (a step can count toward >1 if multi-contact):
  link7                     41  (36.0% of collision-steps)
  link6                     38  (33.3% of collision-steps)
  link5                     20  (17.5% of collision-steps)
  peg(held object)          16  (14.0% of collision-steps)
  link4                      8  (7.0% of collision-steps)
  link3                      1  (0.9% of collision-steps)
