pybullet build time: Nov 28 2023 23:45:17
N=150
success: 0.000
ever_grasped: 0.47
collided (any point): 0.34
collided BEFORE ever grasping: 0.29
mean grasp_attempts per episode: 104.3  mean grasp_failures: 103.3
mean steps: 283.9

NEVER-grasped episodes: 80/150 (0.53)
  mean grasp_attempts in never-grasped eps: 176.5

of ever-grasped episodes (70/150):
  min_xy_err: mean=7.1cm  best=0.32cm
  frac with xy_err < insert_xy_tol(1cm): 0.06
  frac with xy_err < 3.5cm: 0.24
  grasp_toggles among grasped eps: mean=3.3 median=3 max=19
  frac of grasped eps with >5 toggles (severe flicker): 0.11
  frac of grasped eps with 0-2 toggles (clean single grasp): 0.49

collision-steps total: 51
  link7                     29  (56.9%)
  link6                     15  (29.4%)
  link5                      4  (7.8%)
  link4                      2  (3.9%)
  link3                      1  (2.0%)
  peg(held object)           1  (2.0%)
