pybullet build time: Nov 28 2023 23:45:17
N=150
success: 0.000
ever_grasped: 0.63
collided (any point): 0.65
collided BEFORE ever grasping: 0.27
mean grasp_attempts per episode: 66.2  mean grasp_failures: 63.5
mean steps: 197.9

NEVER-grasped episodes: 56/150 (0.37)
  mean grasp_attempts in never-grasped eps: 83.5

of ever-grasped episodes (94/150):
  min_xy_err: mean=7.0cm  best=0.40cm
  frac with xy_err < insert_xy_tol(1cm): 0.10
  frac with xy_err < 3.5cm: 0.30
  grasp_toggles among grasped eps: mean=8.6 median=6 max=44
  frac of grasped eps with >5 toggles (severe flicker): 0.62
  frac of grasped eps with 0-2 toggles (clean single grasp): 0.17

collision-steps total: 97
  link7                     44  (45.4%)
  link6                     25  (25.8%)
  peg(held object)          19  (19.6%)
  link5                      7  (7.2%)
  link3                      4  (4.1%)
  link4                      4  (4.1%)
