pybullet build time: Nov 28 2023 23:45:17
  25/200  success=0.000  depth_ok=0.000
  50/200  success=0.020  depth_ok=0.040
  75/200  success=0.013  depth_ok=0.027
  100/200  success=0.020  depth_ok=0.040
  125/200  success=0.024  depth_ok=0.040
  150/200  success=0.027  depth_ok=0.040
  175/200  success=0.023  depth_ok=0.034
  200/200  success=0.020  depth_ok=0.030

==================================================================
ORACLE CEILING -- phase 4, eval split, N=200
privileged scripted IK expert (scripts/scripted_expert.py)
==================================================================

OVERALL
  success        : 0.0200   (4/200)
  collided       : 0.385
  mean steps     : 262.6

FUNNEL (fraction of ALL 200 episodes reaching each stage)
  grasp_ok  peg ever picked up                   0.710   (conditional 0.710)
  align_ok  above mouth, xy < 10mm               0.020   (conditional 0.028)
  enter_ok  peg centre >5mm past mouth           0.030   (conditional 1.500)
  depth_ok  reached 30mm depth                   0.030   (conditional 1.000)
  success   + tilt, held 10 steps, no collision  0.020   (conditional 0.667)

EXPERT STATE MACHINE (its own final state)
  ALIGN          91  (45.5%)
  DESCEND        48  (24.0%)
  LIFT           42  (21.0%)
  GRASP          15  (7.5%)
  APPROACH        4  (2.0%)
  ever entered INSERT (its own xy<3.5mm gate fired): 0.000

PRECISION (of 142 grasped episodes)
  min xy_err while grasped       mean=12.02cm  median=8.83cm  best=0.39cm
  min xy_err while above mouth   mean=9.99cm  median=7.21cm  best=0.39cm
  max_depth                      mean=0.05cm  median=0.00cm  best=3.72cm

WHY THE DESCENT STALLS
  episodes with peg-vs-hole-ring contact: 49/200 (24.5%)
    xy_err at FIRST ring contact: mean=5.49cm  median=5.72cm  best=0.34cm
    steps in ring contact:        mean=60.1  median=10.0  worst=400
  peg-TIP height at max depth: mean=0.87cm  median=-0.00cm  lowest=-0.01cm
    (mouth plane is at z=10.00cm; tip must reach z=3.00cm for success)

[oracle] per-episode rows -> runs/oracle_tiltfix3_jmv4_n200.json
