pybullet build time: Nov 28 2023 23:45:17
  25/100  success=0.000  depth_ok=0.000
  50/100  success=0.020  depth_ok=0.020
  75/100  success=0.013  depth_ok=0.013
  100/100  success=0.020  depth_ok=0.030

==================================================================
ORACLE CEILING -- phase 4, eval split, N=100
privileged scripted IK expert (scripts/scripted_expert.py)
==================================================================

OVERALL
  success        : 0.0200   (2/100)
  collided       : 0.220
  mean steps     : 317.7

FUNNEL (fraction of ALL 100 episodes reaching each stage)
  grasp_ok  peg ever picked up                   0.620   (conditional 0.620)
  align_ok  above mouth, xy < 10mm               0.510   (conditional 0.823)
  enter_ok  peg centre >5mm past mouth           0.040   (conditional 0.078)
  depth_ok  reached 30mm depth                   0.030   (conditional 0.750)
  success   + tilt, held 10 steps, no collision  0.020   (conditional 0.667)

EXPERT STATE MACHINE (its own final state)
  DESCEND        34  (34.0%)
  INSERT         31  (31.0%)
  ALIGN          26  (26.0%)
  GRASP           7  (7.0%)
  APPROACH        2  (2.0%)
  ever entered INSERT (its own xy<3.5mm gate fired): 0.310

PRECISION (of 62 grasped episodes)
  min xy_err while grasped       mean=3.62cm  median=0.29cm  best=0.02cm
  min xy_err while above mouth   mean=1.42cm  median=0.28cm  best=0.02cm
  max_depth                      mean=0.09cm  median=0.00cm  best=3.14cm

WHY THE DESCENT STALLS
  episodes with peg-vs-hole-ring contact: 45/100 (45.0%)
    xy_err at FIRST ring contact: mean=3.78cm  median=3.48cm  best=0.34cm
    steps in ring contact:        mean=147.0  median=134.0  worst=400
  peg-TIP height at max depth: mean=1.62cm  median=1.43cm  lowest=-0.01cm
    (mouth plane is at z=10.00cm; tip must reach z=3.00cm for success)

[oracle] per-episode rows -> runs/oracle_chamfer_only_n100.json
