pybullet build time: Nov 28 2023 23:45:17
  25/100  success=0.000  depth_ok=0.000
  50/100  success=0.020  depth_ok=0.020
  75/100  success=0.013  depth_ok=0.027
  100/100  success=0.020  depth_ok=0.040

==================================================================
ORACLE CEILING -- phase 4, eval split, N=100
privileged scripted IK expert (scripts/scripted_expert.py)
==================================================================

OVERALL
  success        : 0.0200   (2/100)
  collided       : 0.230
  mean steps     : 314.4

FUNNEL (fraction of ALL 100 episodes reaching each stage)
  grasp_ok  peg ever picked up                   0.660   (conditional 0.660)
  align_ok  above mouth, xy < 10mm               0.560   (conditional 0.848)
  enter_ok  peg centre >5mm past mouth           0.050   (conditional 0.089)
  depth_ok  reached 30mm depth                   0.040   (conditional 0.800)
  success   + tilt, held 10 steps, no collision  0.020   (conditional 0.500)

EXPERT STATE MACHINE (its own final state)
  ALIGN          45  (45.0%)
  DESCEND        30  (30.0%)
  INSERT         16  (16.0%)
  GRASP           7  (7.0%)
  APPROACH        2  (2.0%)
  ever entered INSERT (its own xy<3.5mm gate fired): 0.160

PRECISION (of 66 grasped episodes)
  min xy_err while grasped       mean=3.26cm  median=0.18cm  best=0.01cm
  min xy_err while above mouth   mean=1.19cm  median=0.18cm  best=0.01cm
  max_depth                      mean=0.13cm  median=0.00cm  best=4.07cm

WHY THE DESCENT STALLS
  episodes with peg-vs-hole-ring contact: 28/100 (28.0%)
    xy_err at FIRST ring contact: mean=4.55cm  median=4.98cm  best=0.34cm
    steps in ring contact:        mean=90.7  median=24.0  worst=287
  peg-TIP height at max depth: mean=1.92cm  median=1.93cm  lowest=-0.01cm
    (mouth plane is at z=10.00cm; tip must reach z=3.00cm for success)

[oracle] per-episode rows -> runs/oracle_finectrl025_n100.json
