pybullet build time: Nov 28 2023 23:45:17
  25/100  success=0.000  depth_ok=0.000
  50/100  success=0.020  depth_ok=0.020
  75/100  success=0.013  depth_ok=0.013
  100/100  success=0.020  depth_ok=0.020

==================================================================
ORACLE CEILING -- phase 4, eval split, N=100
privileged scripted IK expert (scripts/scripted_expert.py)
==================================================================

OVERALL
  success        : 0.0200   (2/100)
  collided       : 0.300
  mean steps     : 294.2

FUNNEL (fraction of ALL 100 episodes reaching each stage)
  grasp_ok  peg ever picked up                   0.620   (conditional 0.620)
  align_ok  above mouth, xy < 10mm               0.380   (conditional 0.613)
  enter_ok  peg centre >5mm past mouth           0.030   (conditional 0.079)
  depth_ok  reached 30mm depth                   0.020   (conditional 0.667)
  success   + tilt, held 10 steps, no collision  0.020   (conditional 1.000)

EXPERT STATE MACHINE (its own final state)
  ALIGN          44  (44.0%)
  DESCEND        34  (34.0%)
  GRASP           9  (9.0%)
  INSERT          8  (8.0%)
  LIFT            3  (3.0%)
  APPROACH        2  (2.0%)
  ever entered INSERT (its own xy<3.5mm gate fired): 0.080

PRECISION (of 62 grasped episodes)
  min xy_err while grasped       mean=6.85cm  median=0.85cm  best=0.12cm
  min xy_err while above mouth   mean=2.84cm  median=0.73cm  best=0.12cm
  max_depth                      mean=0.02cm  median=0.00cm  best=1.05cm

WHY THE DESCENT STALLS
  episodes with peg-vs-hole-ring contact: 28/100 (28.0%)
    xy_err at FIRST ring contact: mean=4.97cm  median=5.43cm  best=0.34cm
    steps in ring contact:        mean=88.7  median=11.0  worst=400
  peg-TIP height at max depth: mean=1.65cm  median=-0.00cm  lowest=-0.01cm
    (mouth plane is at z=10.00cm; tip must reach z=3.00cm for success)

[oracle] per-episode rows -> runs/oracle_chamfer_compliant_f2_n100.json
