pybullet build time: Nov 28 2023 23:45:17
  25/100  success=0.000  depth_ok=0.000
  50/100  success=0.020  depth_ok=0.020
  75/100  success=0.013  depth_ok=0.027
  100/100  success=0.020  depth_ok=0.030

==================================================================
ORACLE CEILING -- phase 4, eval split, N=100
privileged scripted IK expert (scripts/scripted_expert.py)
==================================================================

OVERALL
  success        : 0.0200   (2/100)
  collided       : 0.240
  mean steps     : 314.6

FUNNEL (fraction of ALL 100 episodes reaching each stage)
  grasp_ok  peg ever picked up                   0.660   (conditional 0.660)
  align_ok  above mouth, xy < 10mm               0.560   (conditional 0.848)
  enter_ok  peg centre >5mm past mouth           0.060   (conditional 0.107)
  depth_ok  reached 30mm depth                   0.030   (conditional 0.500)
  success   + tilt, held 10 steps, no collision  0.020   (conditional 0.667)

EXPERT STATE MACHINE (its own final state)
  ALIGN          48  (48.0%)
  DESCEND        30  (30.0%)
  INSERT         13  (13.0%)
  GRASP           7  (7.0%)
  APPROACH        2  (2.0%)
  ever entered INSERT (its own xy<3.5mm gate fired): 0.130

PRECISION (of 66 grasped episodes)
  min xy_err while grasped       mean=3.30cm  median=0.21cm  best=0.00cm
  min xy_err while above mouth   mean=1.22cm  median=0.20cm  best=0.00cm
  max_depth                      mean=0.16cm  median=0.00cm  best=3.58cm

WHY THE DESCENT STALLS
  episodes with peg-vs-hole-ring contact: 25/100 (25.0%)
    xy_err at FIRST ring contact: mean=4.53cm  median=4.79cm  best=0.34cm
    steps in ring contact:        mean=101.9  median=10.0  worst=377
  peg-TIP height at max depth: mean=2.22cm  median=2.90cm  lowest=-0.00cm
    (mouth plane is at z=10.00cm; tip must reach z=3.00cm for success)

[oracle] per-episode rows -> runs/oracle_jmv4_n100.json
