pybullet build time: Nov 28 2023 23:45:17
[train] phase=3 algo=ppo n_envs=12 steps=200,000 frame_stack=3 -> runs/phase3_ppo_v8_jitter_finegrain
pybullet build time: Nov 28 2023 23:45:17
pybullet build time: Nov 28 2023 23:45:17
pybullet build time: Nov 28 2023 23:45:17
pybullet build time: Nov 28 2023 23:45:17
pybullet build time: Nov 28 2023 23:45:17
pybullet build time: Nov 28 2023 23:45:17
pybullet build time: Nov 28 2023 23:45:17
pybullet build time: Nov 28 2023 23:45:17
pybullet build time: Nov 28 2023 23:45:17
pybullet build time: Nov 28 2023 23:45:17
pybullet build time: Nov 28 2023 23:45:17
pybullet build time: Nov 28 2023 23:45:17
[train] warm-starting from runs/phase3_ppo_v7_terminal/model.zip
[train] grasp-curriculum anneal 0.35 -> 0.0 over 50% of training
[train] obstacle-count curriculum (0, 1) -> (2, 5) over 50% of training
Logging to runs/phase3_ppo_v8_jitter_finegrain/tb/PPO_1
------------------------------------
| manipularl/           |          |
|    collision_rate     | 0.0968   |
|    grasp_curriculum   | 0.328    |
|    grasp_failure_rate | 0.452    |
|    insert_depth_mean  | 0        |
|    obstacle_range_hi  | 1        |
|    obstacle_range_lo  | 0        |
|    success_rate       | 0.882    |
| rollout/              |          |
|    ep_len_mean        | 50.9     |
|    ep_rew_mean        | 49.6     |
| time/                 |          |
|    fps                | 1838     |
|    iterations         | 1        |
|    time_elapsed       | 3        |
|    total_timesteps    | 6144     |
------------------------------------
-----------------------------------------
| manipularl/             |             |
|    collision_rate       | 0.01        |
|    grasp_curriculum     | 0.307       |
|    grasp_failure_rate   | 0.519       |
|    insert_depth_mean    | 0           |
|    obstacle_range_hi    | 1           |
|    obstacle_range_lo    | 0           |
|    success_rate         | 0.86        |
| rollout/                |             |
|    ep_len_mean          | 85          |
|    ep_rew_mean          | 49.7        |
| time/                   |             |
|    fps                  | 1904        |
|    iterations           | 2           |
|    time_elapsed         | 6           |
|    total_timesteps      | 12288       |
| train/                  |             |
|    approx_kl            | 0.040203974 |
|    clip_fraction        | 0.259       |
|    clip_range           | 0.2         |
|    entropy_loss         | -17.3       |
|    explained_variance   | 0.636       |
|    learning_rate        | 0.0003      |
|    loss                 | 23.6        |
|    n_updates            | 13290       |
|    policy_gradient_loss | -0.0461     |
|    std                  | 3.27        |
|    value_loss           | 76.5        |
-----------------------------------------
----------------------------------------
| manipularl/             |            |
|    collision_rate       | 0.02       |
|    grasp_curriculum     | 0.285      |
|    grasp_failure_rate   | 0.585      |
|    insert_depth_mean    | 0          |
|    obstacle_range_hi    | 2          |
|    obstacle_range_lo    | 0          |
|    success_rate         | 0.82       |
| rollout/                |            |
|    ep_len_mean          | 88.4       |
|    ep_rew_mean          | 47.8       |
| time/                   |            |
|    fps                  | 1987       |
|    iterations           | 3          |
|    time_elapsed         | 9          |
|    total_timesteps      | 18432      |
| train/                  |            |
|    approx_kl            | 0.07151815 |
|    clip_fraction        | 0.313      |
|    clip_range           | 0.2        |
|    entropy_loss         | -17.3      |
|    explained_variance   | 0.837      |
|    learning_rate        | 0.0003     |
|    loss                 | 10.1       |
|    n_updates            | 13300      |
|    policy_gradient_loss | -0.0482    |
|    std                  | 3.26       |
|    value_loss           | 35.1       |
----------------------------------------
----------------------------------------
| manipularl/             |            |
|    collision_rate       | 0.02       |
|    grasp_curriculum     | 0.264      |
|    grasp_failure_rate   | 0.591      |
|    insert_depth_mean    | 0          |
|    obstacle_range_hi    | 2          |
|    obstacle_range_lo    | 0          |
|    success_rate         | 0.84       |
| rollout/                |            |
|    ep_len_mean          | 85         |
|    ep_rew_mean          | 47.7       |
| time/                   |            |
|    fps                  | 2050       |
|    iterations           | 4          |
|    time_elapsed         | 11         |
|    total_timesteps      | 24576      |
| train/                  |            |
|    approx_kl            | 0.07581641 |
|    clip_fraction        | 0.38       |
|    clip_range           | 0.2        |
|    entropy_loss         | -17.3      |
|    explained_variance   | 0.902      |
|    learning_rate        | 0.0003     |
|    loss                 | 9.91       |
|    n_updates            | 13310      |
|    policy_gradient_loss | -0.0539    |
|    std                  | 3.27       |
|    value_loss           | 31.6       |
----------------------------------------
Eval num_timesteps=24996, episode_reward=49.39 +/- 25.64
Episode length: 44.10 +/- 24.68
-----------------------------------------
| eval/                   |             |
|    mean_ep_length       | 44.1        |
|    mean_reward          | 49.4        |
| manipularl/             |             |
|    collision_rate       | 0.02        |
|    grasp_curriculum     | 0.263       |
|    grasp_failure_rate   | 0.587       |
|    insert_depth_mean    | 0           |
|    obstacle_range_hi    | 2           |
|    obstacle_range_lo    | 0           |
|    success_rate         | 0.83        |
| time/                   |             |
|    total_timesteps      | 24996       |
| train/                  |             |
|    approx_kl            | 0.070629716 |
|    clip_fraction        | 0.352       |
|    clip_range           | 0.2         |
|    entropy_loss         | -17.3       |
|    explained_variance   | 0.895       |
|    learning_rate        | 0.0003      |
|    loss                 | 6.53        |
|    n_updates            | 13320       |
|    policy_gradient_loss | -0.0513     |
|    std                  | 3.27        |
|    value_loss           | 24.3        |
-----------------------------------------
New best mean reward!
------------------------------------
| manipularl/           |          |
|    collision_rate     | 0.04     |
|    grasp_curriculum   | 0.242    |
|    grasp_failure_rate | 0.657    |
|    insert_depth_mean  | 0        |
|    obstacle_range_hi  | 2        |
|    obstacle_range_lo  | 1        |
|    success_rate       | 0.88     |
| rollout/              |          |
|    ep_len_mean        | 68.6     |
|    ep_rew_mean        | 51       |
| time/                 |          |
|    fps                | 1851     |
|    iterations         | 5        |
|    time_elapsed       | 16       |
|    total_timesteps    | 30720    |
------------------------------------
----------------------------------------
| manipularl/             |            |
|    collision_rate       | 0.11       |
|    grasp_curriculum     | 0.221      |
|    grasp_failure_rate   | 0.662      |
|    insert_depth_mean    | 0          |
|    obstacle_range_hi    | 2          |
|    obstacle_range_lo    | 1          |
|    success_rate         | 0.87       |
| rollout/                |            |
|    ep_len_mean          | 49.7       |
|    ep_rew_mean          | 52.5       |
| time/                   |            |
|    fps                  | 1866       |
|    iterations           | 6          |
|    time_elapsed         | 19         |
|    total_timesteps      | 36864      |
| train/                  |            |
|    approx_kl            | 0.08749459 |
|    clip_fraction        | 0.405      |
|    clip_range           | 0.2        |
|    entropy_loss         | -17.3      |
|    explained_variance   | 0.904      |
|    learning_rate        | 0.0003     |
|    loss                 | 8.83       |
|    n_updates            | 13330      |
|    policy_gradient_loss | -0.0638    |
|    std                  | 3.28       |
|    value_loss           | 27.5       |
----------------------------------------
-----------------------------------------
| manipularl/             |             |
|    collision_rate       | 0.13        |
|    grasp_curriculum     | 0.199       |
|    grasp_failure_rate   | 0.675       |
|    insert_depth_mean    | 0           |
|    obstacle_range_hi    | 3           |
|    obstacle_range_lo    | 1           |
|    success_rate         | 0.8         |
| rollout/                |             |
|    ep_len_mean          | 64.1        |
|    ep_rew_mean          | 46.3        |
| time/                   |             |
|    fps                  | 1891        |
|    iterations           | 7           |
|    time_elapsed         | 22          |
|    total_timesteps      | 43008       |
| train/                  |             |
|    approx_kl            | 0.072867945 |
|    clip_fraction        | 0.388       |
|    clip_range           | 0.2         |
|    entropy_loss         | -17.3       |
|    explained_variance   | 0.837       |
|    learning_rate        | 0.0003      |
|    loss                 | 13.6        |
|    n_updates            | 13340       |
|    policy_gradient_loss | -0.0585     |
|    std                  | 3.29        |
|    value_loss           | 39.4        |
-----------------------------------------
----------------------------------------
| manipularl/             |            |
|    collision_rate       | 0.05       |
|    grasp_curriculum     | 0.178      |
|    grasp_failure_rate   | 0.649      |
|    insert_depth_mean    | 0          |
|    obstacle_range_hi    | 3          |
|    obstacle_range_lo    | 1          |
|    success_rate         | 0.93       |
| rollout/                |            |
|    ep_len_mean          | 48.6       |
|    ep_rew_mean          | 54.2       |
| time/                   |            |
|    fps                  | 1906       |
|    iterations           | 8          |
|    time_elapsed         | 25         |
|    total_timesteps      | 49152      |
| train/                  |            |
|    approx_kl            | 0.09273067 |
|    clip_fraction        | 0.392      |
|    clip_range           | 0.2        |
|    entropy_loss         | -17.3      |
|    explained_variance   | 0.863      |
|    learning_rate        | 0.0003     |
|    loss                 | 10.3       |
|    n_updates            | 13350      |
|    policy_gradient_loss | -0.0625    |
|    std                  | 3.3        |
|    value_loss           | 36         |
----------------------------------------
Eval num_timesteps=49992, episode_reward=33.59 +/- 34.56
Episode length: 54.90 +/- 71.25
----------------------------------------
| eval/                   |            |
|    mean_ep_length       | 54.9       |
|    mean_reward          | 33.6       |
| manipularl/             |            |
|    collision_rate       | 0.07       |
|    grasp_curriculum     | 0.175      |
|    grasp_failure_rate   | 0.625      |
|    insert_depth_mean    | 0          |
|    obstacle_range_hi    | 3          |
|    obstacle_range_lo    | 1          |
|    success_rate         | 0.91       |
| time/                   |            |
|    total_timesteps      | 49992      |
| train/                  |            |
|    approx_kl            | 0.08186544 |
|    clip_fraction        | 0.398      |
|    clip_range           | 0.2        |
|    entropy_loss         | -17.3      |
|    explained_variance   | 0.832      |
|    learning_rate        | 0.0003     |
|    loss                 | 10.9       |
|    n_updates            | 13360      |
|    policy_gradient_loss | -0.064     |
|    std                  | 3.3        |
|    value_loss           | 32.6       |
----------------------------------------
------------------------------------
| manipularl/           |          |
|    collision_rate     | 0.11     |
|    grasp_curriculum   | 0.156    |
|    grasp_failure_rate | 0.712    |
|    insert_depth_mean  | 0        |
|    obstacle_range_hi  | 3        |
|    obstacle_range_lo  | 1        |
|    success_rate       | 0.87     |
| rollout/              |          |
|    ep_len_mean        | 50.9     |
|    ep_rew_mean        | 52.3     |
| time/                 |          |
|    fps                | 1811     |
|    iterations         | 9        |
|    time_elapsed       | 30       |
|    total_timesteps    | 55296    |
------------------------------------
-----------------------------------------
| manipularl/             |             |
|    collision_rate       | 0.1         |
|    grasp_curriculum     | 0.135       |
|    grasp_failure_rate   | 0.743       |
|    insert_depth_mean    | 0           |
|    obstacle_range_hi    | 3           |
|    obstacle_range_lo    | 1           |
|    success_rate         | 0.88        |
| rollout/                |             |
|    ep_len_mean          | 50.6        |
|    ep_rew_mean          | 52.4        |
| time/                   |             |
|    fps                  | 1829        |
|    iterations           | 10          |
|    time_elapsed         | 33          |
|    total_timesteps      | 61440       |
| train/                  |             |
|    approx_kl            | 0.072096355 |
|    clip_fraction        | 0.366       |
|    clip_range           | 0.2         |
|    entropy_loss         | -17.3       |
|    explained_variance   | 0.837       |
|    learning_rate        | 0.0003      |
|    loss                 | 7.83        |
|    n_updates            | 13370       |
|    policy_gradient_loss | -0.0607     |
|    std                  | 3.31        |
|    value_loss           | 28.3        |
-----------------------------------------
----------------------------------------
| manipularl/             |            |
|    collision_rate       | 0.21       |
|    grasp_curriculum     | 0.113      |
|    grasp_failure_rate   | 0.73       |
|    insert_depth_mean    | 0          |
|    obstacle_range_hi    | 4          |
|    obstacle_range_lo    | 1          |
|    success_rate         | 0.77       |
| rollout/                |            |
|    ep_len_mean          | 44.8       |
|    ep_rew_mean          | 45.7       |
| time/                   |            |
|    fps                  | 1847       |
|    iterations           | 11         |
|    time_elapsed         | 36         |
|    total_timesteps      | 67584      |
| train/                  |            |
|    approx_kl            | 0.08322238 |
|    clip_fraction        | 0.394      |
|    clip_range           | 0.2        |
|    entropy_loss         | -17.3      |
|    explained_variance   | 0.871      |
|    learning_rate        | 0.0003     |
|    loss                 | 7.6        |
|    n_updates            | 13380      |
|    policy_gradient_loss | -0.0577    |
|    std                  | 3.31       |
|    value_loss           | 25.9       |
----------------------------------------
-----------------------------------------
| manipularl/             |             |
|    collision_rate       | 0.17        |
|    grasp_curriculum     | 0.092       |
|    grasp_failure_rate   | 0.734       |
|    insert_depth_mean    | 0           |
|    obstacle_range_hi    | 4           |
|    obstacle_range_lo    | 1           |
|    success_rate         | 0.75        |
| rollout/                |             |
|    ep_len_mean          | 66.8        |
|    ep_rew_mean          | 43.5        |
| time/                   |             |
|    fps                  | 1871        |
|    iterations           | 12          |
|    time_elapsed         | 39          |
|    total_timesteps      | 73728       |
| train/                  |             |
|    approx_kl            | 0.052852754 |
|    clip_fraction        | 0.332       |
|    clip_range           | 0.2         |
|    entropy_loss         | -17.3       |
|    explained_variance   | 0.758       |
|    learning_rate        | 0.0003      |
|    loss                 | 16.3        |
|    n_updates            | 13390       |
|    policy_gradient_loss | -0.0581     |
|    std                  | 3.32        |
|    value_loss           | 55.2        |
-----------------------------------------
Eval num_timesteps=74988, episode_reward=50.34 +/- 22.79
Episode length: 41.55 +/- 21.19
----------------------------------------
| eval/                   |            |
|    mean_ep_length       | 41.5       |
|    mean_reward          | 50.3       |
| manipularl/             |            |
|    collision_rate       | 0.16       |
|    grasp_curriculum     | 0.0876     |
|    grasp_failure_rate   | 0.744      |
|    insert_depth_mean    | 0          |
|    obstacle_range_hi    | 4          |
|    obstacle_range_lo    | 1          |
|    success_rate         | 0.75       |
| time/                   |            |
|    total_timesteps      | 74988      |
| train/                  |            |
|    approx_kl            | 0.07077449 |
|    clip_fraction        | 0.348      |
|    clip_range           | 0.2        |
|    entropy_loss         | -17.3      |
|    explained_variance   | 0.862      |
|    learning_rate        | 0.0003     |
|    loss                 | 11.9       |
|    n_updates            | 13400      |
|    policy_gradient_loss | -0.0653    |
|    std                  | 3.32       |
|    value_loss           | 38.6       |
----------------------------------------
New best mean reward!
------------------------------------
| manipularl/           |          |
|    collision_rate     | 0.17     |
|    grasp_curriculum   | 0.0704   |
|    grasp_failure_rate | 0.753    |
|    insert_depth_mean  | 0        |
|    obstacle_range_hi  | 4        |
|    obstacle_range_lo  | 2        |
|    success_rate       | 0.8      |
| rollout/              |          |
|    ep_len_mean        | 46.9     |
|    ep_rew_mean        | 47.9     |
| time/                 |          |
|    fps                | 1817     |
|    iterations         | 13       |
|    time_elapsed       | 43       |
|    total_timesteps    | 79872    |
------------------------------------
-----------------------------------------
| manipularl/             |             |
|    collision_rate       | 0.12        |
|    grasp_curriculum     | 0.0489      |
|    grasp_failure_rate   | 0.74        |
|    insert_depth_mean    | 0           |
|    obstacle_range_hi    | 4           |
|    obstacle_range_lo    | 2           |
|    success_rate         | 0.85        |
| rollout/                |             |
|    ep_len_mean          | 55.9        |
|    ep_rew_mean          | 49.7        |
| time/                   |             |
|    fps                  | 1828        |
|    iterations           | 14          |
|    time_elapsed         | 47          |
|    total_timesteps      | 86016       |
| train/                  |             |
|    approx_kl            | 0.071116425 |
|    clip_fraction        | 0.358       |
|    clip_range           | 0.2         |
|    entropy_loss         | -17.3       |
|    explained_variance   | 0.794       |
|    learning_rate        | 0.0003      |
|    loss                 | 16.7        |
|    n_updates            | 13410       |
|    policy_gradient_loss | -0.0671     |
|    std                  | 3.33        |
|    value_loss           | 48.9        |
-----------------------------------------
-----------------------------------------
| manipularl/             |             |
|    collision_rate       | 0.18        |
|    grasp_curriculum     | 0.0274      |
|    grasp_failure_rate   | 0.77        |
|    insert_depth_mean    | 0           |
|    obstacle_range_hi    | 5           |
|    obstacle_range_lo    | 2           |
|    success_rate         | 0.79        |
| rollout/                |             |
|    ep_len_mean          | 56          |
|    ep_rew_mean          | 46.9        |
| time/                   |             |
|    fps                  | 1840        |
|    iterations           | 15          |
|    time_elapsed         | 50          |
|    total_timesteps      | 92160       |
| train/                  |             |
|    approx_kl            | 0.076693185 |
|    clip_fraction        | 0.367       |
|    clip_range           | 0.2         |
|    entropy_loss         | -17.3       |
|    explained_variance   | 0.799       |
|    learning_rate        | 0.0003      |
|    loss                 | 12          |
|    n_updates            | 13420       |
|    policy_gradient_loss | -0.07       |
|    std                  | 3.33        |
|    value_loss           | 40.8        |
-----------------------------------------
----------------------------------------
| manipularl/             |            |
|    collision_rate       | 0.14       |
|    grasp_curriculum     | 0.00594    |
|    grasp_failure_rate   | 0.751      |
|    insert_depth_mean    | 0          |
|    obstacle_range_hi    | 5          |
|    obstacle_range_lo    | 2          |
|    success_rate         | 0.76       |
| rollout/                |            |
|    ep_len_mean          | 81.9       |
|    ep_rew_mean          | 42.1       |
| time/                   |            |
|    fps                  | 1854       |
|    iterations           | 16         |
|    time_elapsed         | 53         |
|    total_timesteps      | 98304      |
| train/                  |            |
|    approx_kl            | 0.06962175 |
|    clip_fraction        | 0.361      |
|    clip_range           | 0.2        |
|    entropy_loss         | -17.3      |
|    explained_variance   | 0.749      |
|    learning_rate        | 0.0003     |
|    loss                 | 15.1       |
|    n_updates            | 13430      |
|    policy_gradient_loss | -0.0659    |
|    std                  | 3.33       |
|    value_loss           | 56.4       |
----------------------------------------
Eval num_timesteps=99984, episode_reward=35.94 +/- 35.43
Episode length: 71.35 +/- 93.81
----------------------------------------
| eval/                   |            |
|    mean_ep_length       | 71.3       |
|    mean_reward          | 35.9       |
| manipularl/             |            |
|    collision_rate       | 0.16       |
|    grasp_curriculum     | 9.8e-05    |
|    grasp_failure_rate   | 0.741      |
|    insert_depth_mean    | 0          |
|    obstacle_range_hi    | 5          |
|    obstacle_range_lo    | 2          |
|    success_rate         | 0.75       |
| time/                   |            |
|    total_timesteps      | 99984      |
| train/                  |            |
|    approx_kl            | 0.11059127 |
|    clip_fraction        | 0.423      |
|    clip_range           | 0.2        |
|    entropy_loss         | -17.3      |
|    explained_variance   | 0.844      |
|    learning_rate        | 0.0003     |
|    loss                 | 9.46       |
|    n_updates            | 13440      |
|    policy_gradient_loss | -0.07      |
|    std                  | 3.33       |
|    value_loss           | 34.9       |
----------------------------------------
------------------------------------
| manipularl/           |          |
|    collision_rate     | 0.16     |
|    grasp_curriculum   | 0        |
|    grasp_failure_rate | 0.794    |
|    insert_depth_mean  | 0        |
|    obstacle_range_hi  | 5        |
|    obstacle_range_lo  | 2        |
|    success_rate       | 0.77     |
| rollout/              |          |
|    ep_len_mean        | 72.3     |
|    ep_rew_mean        | 44.8     |
| time/                 |          |
|    fps                | 1776     |
|    iterations         | 17       |
|    time_elapsed       | 58       |
|    total_timesteps    | 104448   |
------------------------------------
-----------------------------------------
| manipularl/             |             |
|    collision_rate       | 0.14        |
|    grasp_curriculum     | 0           |
|    grasp_failure_rate   | 0.8         |
|    insert_depth_mean    | 0           |
|    obstacle_range_hi    | 5           |
|    obstacle_range_lo    | 2           |
|    success_rate         | 0.83        |
| rollout/                |             |
|    ep_len_mean          | 64.4        |
|    ep_rew_mean          | 47.8        |
| time/                   |             |
|    fps                  | 1776        |
|    iterations           | 18          |
|    time_elapsed         | 62          |
|    total_timesteps      | 110592      |
| train/                  |             |
|    approx_kl            | 0.083987266 |
|    clip_fraction        | 0.377       |
|    clip_range           | 0.2         |
|    entropy_loss         | -17.3       |
|    explained_variance   | 0.854       |
|    learning_rate        | 0.0003      |
|    loss                 | 11.2        |
|    n_updates            | 13450       |
|    policy_gradient_loss | -0.0611     |
|    std                  | 3.32        |
|    value_loss           | 34.9        |
-----------------------------------------
----------------------------------------
| manipularl/             |            |
|    collision_rate       | 0.18       |
|    grasp_curriculum     | 0          |
|    grasp_failure_rate   | 0.788      |
|    insert_depth_mean    | 0          |
|    obstacle_range_hi    | 5          |
|    obstacle_range_lo    | 2          |
|    success_rate         | 0.76       |
| rollout/                |            |
|    ep_len_mean          | 70.1       |
|    ep_rew_mean          | 43.5       |
| time/                   |            |
|    fps                  | 1780       |
|    iterations           | 19         |
|    time_elapsed         | 65         |
|    total_timesteps      | 116736     |
| train/                  |            |
|    approx_kl            | 0.08425778 |
|    clip_fraction        | 0.419      |
|    clip_range           | 0.2        |
|    entropy_loss         | -17.3      |
|    explained_variance   | 0.819      |
|    learning_rate        | 0.0003     |
|    loss                 | 14.3       |
|    n_updates            | 13460      |
|    policy_gradient_loss | -0.0664    |
|    std                  | 3.33       |
|    value_loss           | 44.8       |
----------------------------------------
----------------------------------------
| manipularl/             |            |
|    collision_rate       | 0.22       |
|    grasp_curriculum     | 0          |
|    grasp_failure_rate   | 0.823      |
|    insert_depth_mean    | 0          |
|    obstacle_range_hi    | 5          |
|    obstacle_range_lo    | 2          |
|    success_rate         | 0.7        |
| rollout/                |            |
|    ep_len_mean          | 73.5       |
|    ep_rew_mean          | 39.6       |
| time/                   |            |
|    fps                  | 1784       |
|    iterations           | 20         |
|    time_elapsed         | 68         |
|    total_timesteps      | 122880     |
| train/                  |            |
|    approx_kl            | 0.10100203 |
|    clip_fraction        | 0.421      |
|    clip_range           | 0.2        |
|    entropy_loss         | -17.3      |
|    explained_variance   | 0.864      |
|    learning_rate        | 0.0003     |
|    loss                 | 11.1       |
|    n_updates            | 13470      |
|    policy_gradient_loss | -0.0661    |
|    std                  | 3.33       |
|    value_loss           | 34         |
----------------------------------------
Eval num_timesteps=124980, episode_reward=37.73 +/- 29.97
Episode length: 41.85 +/- 23.56
----------------------------------------
| eval/                   |            |
|    mean_ep_length       | 41.9       |
|    mean_reward          | 37.7       |
| manipularl/             |            |
|    collision_rate       | 0.24       |
|    grasp_curriculum     | 0          |
|    grasp_failure_rate   | 0.822      |
|    insert_depth_mean    | 0          |
|    obstacle_range_hi    | 5          |
|    obstacle_range_lo    | 2          |
|    success_rate         | 0.72       |
| time/                   |            |
|    total_timesteps      | 124980     |
| train/                  |            |
|    approx_kl            | 0.07639631 |
|    clip_fraction        | 0.373      |
|    clip_range           | 0.2        |
|    entropy_loss         | -17.3      |
|    explained_variance   | 0.839      |
|    learning_rate        | 0.0003     |
|    loss                 | 12.3       |
|    n_updates            | 13480      |
|    policy_gradient_loss | -0.0687    |
|    std                  | 3.34       |
|    value_loss           | 39.6       |
----------------------------------------
------------------------------------
| manipularl/           |          |
|    collision_rate     | 0.23     |
|    grasp_curriculum   | 0        |
|    grasp_failure_rate | 0.827    |
|    insert_depth_mean  | 0        |
|    obstacle_range_hi  | 5        |
|    obstacle_range_lo  | 2        |
|    success_rate       | 0.72     |
| rollout/              |          |
|    ep_len_mean        | 64.5     |
|    ep_rew_mean        | 39.5     |
| time/                 |          |
|    fps                | 1751     |
|    iterations         | 21       |
|    time_elapsed       | 73       |
|    total_timesteps    | 129024   |
------------------------------------
----------------------------------------
| manipularl/             |            |
|    collision_rate       | 0.27       |
|    grasp_curriculum     | 0          |
|    grasp_failure_rate   | 0.796      |
|    insert_depth_mean    | 0          |
|    obstacle_range_hi    | 5          |
|    obstacle_range_lo    | 2          |
|    success_rate         | 0.69       |
| rollout/                |            |
|    ep_len_mean          | 65.6       |
|    ep_rew_mean          | 38.5       |
| time/                   |            |
|    fps                  | 1749       |
|    iterations           | 22         |
|    time_elapsed         | 77         |
|    total_timesteps      | 135168     |
| train/                  |            |
|    approx_kl            | 0.07727667 |
|    clip_fraction        | 0.36       |
|    clip_range           | 0.2        |
|    entropy_loss         | -17.3      |
|    explained_variance   | 0.803      |
|    learning_rate        | 0.0003     |
|    loss                 | 15.6       |
|    n_updates            | 13490      |
|    policy_gradient_loss | -0.0695    |
|    std                  | 3.34       |
|    value_loss           | 48.9       |
----------------------------------------
----------------------------------------
| manipularl/             |            |
|    collision_rate       | 0.23       |
|    grasp_curriculum     | 0          |
|    grasp_failure_rate   | 0.819      |
|    insert_depth_mean    | 0          |
|    obstacle_range_hi    | 5          |
|    obstacle_range_lo    | 2          |
|    success_rate         | 0.73       |
| rollout/                |            |
|    ep_len_mean          | 63.8       |
|    ep_rew_mean          | 41.2       |
| time/                   |            |
|    fps                  | 1753       |
|    iterations           | 23         |
|    time_elapsed         | 80         |
|    total_timesteps      | 141312     |
| train/                  |            |
|    approx_kl            | 0.08172128 |
|    clip_fraction        | 0.397      |
|    clip_range           | 0.2        |
|    entropy_loss         | -17.3      |
|    explained_variance   | 0.76       |
|    learning_rate        | 0.0003     |
|    loss                 | 18.9       |
|    n_updates            | 13500      |
|    policy_gradient_loss | -0.0732    |
|    std                  | 3.35       |
|    value_loss           | 54         |
----------------------------------------
-----------------------------------------
| manipularl/             |             |
|    collision_rate       | 0.29        |
|    grasp_curriculum     | 0           |
|    grasp_failure_rate   | 0.793       |
|    insert_depth_mean    | 0           |
|    obstacle_range_hi    | 5           |
|    obstacle_range_lo    | 2           |
|    success_rate         | 0.69        |
| rollout/                |             |
|    ep_len_mean          | 57.7        |
|    ep_rew_mean          | 38.3        |
| time/                   |             |
|    fps                  | 1755        |
|    iterations           | 24          |
|    time_elapsed         | 84          |
|    total_timesteps      | 147456      |
| train/                  |             |
|    approx_kl            | 0.090781264 |
|    clip_fraction        | 0.407       |
|    clip_range           | 0.2         |
|    entropy_loss         | -17.3       |
|    explained_variance   | 0.799       |
|    learning_rate        | 0.0003      |
|    loss                 | 8.74        |
|    n_updates            | 13510       |
|    policy_gradient_loss | -0.0732     |
|    std                  | 3.36        |
|    value_loss           | 34.6        |
-----------------------------------------
Eval num_timesteps=149976, episode_reward=40.50 +/- 32.20
Episode length: 51.75 +/- 70.59
----------------------------------------
| eval/                   |            |
|    mean_ep_length       | 51.8       |
|    mean_reward          | 40.5       |
| manipularl/             |            |
|    collision_rate       | 0.27       |
|    grasp_curriculum     | 0          |
|    grasp_failure_rate   | 0.791      |
|    insert_depth_mean    | 0          |
|    obstacle_range_hi    | 5          |
|    obstacle_range_lo    | 2          |
|    success_rate         | 0.69       |
| time/                   |            |
|    total_timesteps      | 149976     |
| train/                  |            |
|    approx_kl            | 0.08607302 |
|    clip_fraction        | 0.399      |
|    clip_range           | 0.2        |
|    entropy_loss         | -17.3      |
|    explained_variance   | 0.722      |
|    learning_rate        | 0.0003     |
|    loss                 | 17.3       |
|    n_updates            | 13520      |
|    policy_gradient_loss | -0.0683    |
|    std                  | 3.36       |
|    value_loss           | 51.1       |
----------------------------------------
------------------------------------
| manipularl/           |          |
|    collision_rate     | 0.25     |
|    grasp_curriculum   | 0        |
|    grasp_failure_rate | 0.794    |
|    insert_depth_mean  | 0        |
|    obstacle_range_hi  | 5        |
|    obstacle_range_lo  | 2        |
|    success_rate       | 0.68     |
| rollout/              |          |
|    ep_len_mean        | 72.9     |
|    ep_rew_mean        | 36.6     |
| time/                 |          |
|    fps                | 1720     |
|    iterations         | 25       |
|    time_elapsed       | 89       |
|    total_timesteps    | 153600   |
------------------------------------
----------------------------------------
| manipularl/             |            |
|    collision_rate       | 0.23       |
|    grasp_curriculum     | 0          |
|    grasp_failure_rate   | 0.767      |
|    insert_depth_mean    | 0          |
|    obstacle_range_hi    | 5          |
|    obstacle_range_lo    | 2          |
|    success_rate         | 0.73       |
| rollout/                |            |
|    ep_len_mean          | 65.2       |
|    ep_rew_mean          | 39.8       |
| time/                   |            |
|    fps                  | 1721       |
|    iterations           | 26         |
|    time_elapsed         | 92         |
|    total_timesteps      | 159744     |
| train/                  |            |
|    approx_kl            | 0.08847528 |
|    clip_fraction        | 0.401      |
|    clip_range           | 0.2        |
|    entropy_loss         | -17.3      |
|    explained_variance   | 0.81       |
|    learning_rate        | 0.0003     |
|    loss                 | 10.7       |
|    n_updates            | 13530      |
|    policy_gradient_loss | -0.0665    |
|    std                  | 3.36       |
|    value_loss           | 34.1       |
----------------------------------------
---------------------------------------
| manipularl/             |           |
|    collision_rate       | 0.27      |
|    grasp_curriculum     | 0         |
|    grasp_failure_rate   | 0.809     |
|    insert_depth_mean    | 0         |
|    obstacle_range_hi    | 5         |
|    obstacle_range_lo    | 2         |
|    success_rate         | 0.7       |
| rollout/                |           |
|    ep_len_mean          | 57.8      |
|    ep_rew_mean          | 38.8      |
| time/                   |           |
|    fps                  | 1724      |
|    iterations           | 27        |
|    time_elapsed         | 96        |
|    total_timesteps      | 165888    |
| train/                  |           |
|    approx_kl            | 0.1118916 |
|    clip_fraction        | 0.445     |
|    clip_range           | 0.2       |
|    entropy_loss         | -17.3     |
|    explained_variance   | 0.852     |
|    learning_rate        | 0.0003    |
|    loss                 | 10.3      |
|    n_updates            | 13540     |
|    policy_gradient_loss | -0.0711   |
|    std                  | 3.37      |
|    value_loss           | 34.2      |
---------------------------------------
----------------------------------------
| manipularl/             |            |
|    collision_rate       | 0.19       |
|    grasp_curriculum     | 0          |
|    grasp_failure_rate   | 0.813      |
|    insert_depth_mean    | 0          |
|    obstacle_range_hi    | 5          |
|    obstacle_range_lo    | 2          |
|    success_rate         | 0.75       |
| rollout/                |            |
|    ep_len_mean          | 71.8       |
|    ep_rew_mean          | 42.4       |
| time/                   |            |
|    fps                  | 1729       |
|    iterations           | 28         |
|    time_elapsed         | 99         |
|    total_timesteps      | 172032     |
| train/                  |            |
|    approx_kl            | 0.10146292 |
|    clip_fraction        | 0.434      |
|    clip_range           | 0.2        |
|    entropy_loss         | -17.3      |
|    explained_variance   | 0.849      |
|    learning_rate        | 0.0003     |
|    loss                 | 11.8       |
|    n_updates            | 13550      |
|    policy_gradient_loss | -0.0675    |
|    std                  | 3.38       |
|    value_loss           | 39.2       |
----------------------------------------
Eval num_timesteps=174972, episode_reward=51.12 +/- 23.36
Episode length: 48.40 +/- 21.25
-----------------------------------------
| eval/                   |             |
|    mean_ep_length       | 48.4        |
|    mean_reward          | 51.1        |
| manipularl/             |             |
|    collision_rate       | 0.2         |
|    grasp_curriculum     | 0           |
|    grasp_failure_rate   | 0.803       |
|    insert_depth_mean    | 0           |
|    obstacle_range_hi    | 5           |
|    obstacle_range_lo    | 2           |
|    success_rate         | 0.74        |
| time/                   |             |
|    total_timesteps      | 174972      |
| train/                  |             |
|    approx_kl            | 0.098346144 |
|    clip_fraction        | 0.411       |
|    clip_range           | 0.2         |
|    entropy_loss         | -17.3       |
|    explained_variance   | 0.846       |
|    learning_rate        | 0.0003      |
|    loss                 | 13.9        |
|    n_updates            | 13560       |
|    policy_gradient_loss | -0.0664     |
|    std                  | 3.39        |
|    value_loss           | 39.3        |
-----------------------------------------
New best mean reward!
------------------------------------
| manipularl/           |          |
|    collision_rate     | 0.23     |
|    grasp_curriculum   | 0        |
|    grasp_failure_rate | 0.807    |
|    insert_depth_mean  | 0        |
|    obstacle_range_hi  | 5        |
|    obstacle_range_lo  | 2        |
|    success_rate       | 0.69     |
| rollout/              |          |
|    ep_len_mean        | 71.6     |
|    ep_rew_mean        | 39       |
| time/                 |          |
|    fps                | 1702     |
|    iterations         | 29       |
|    time_elapsed       | 104      |
|    total_timesteps    | 178176   |
------------------------------------
----------------------------------------
| manipularl/             |            |
|    collision_rate       | 0.25       |
|    grasp_curriculum     | 0          |
|    grasp_failure_rate   | 0.822      |
|    insert_depth_mean    | 0          |
|    obstacle_range_hi    | 5          |
|    obstacle_range_lo    | 2          |
|    success_rate         | 0.69       |
| rollout/                |            |
|    ep_len_mean          | 65.4       |
|    ep_rew_mean          | 39.7       |
| time/                   |            |
|    fps                  | 1705       |
|    iterations           | 30         |
|    time_elapsed         | 108        |
|    total_timesteps      | 184320     |
| train/                  |            |
|    approx_kl            | 0.08978244 |
|    clip_fraction        | 0.404      |
|    clip_range           | 0.2        |
|    entropy_loss         | -17.3      |
|    explained_variance   | 0.874      |
|    learning_rate        | 0.0003     |
|    loss                 | 7.04       |
|    n_updates            | 13570      |
|    policy_gradient_loss | -0.0709    |
|    std                  | 3.4        |
|    value_loss           | 28.5       |
----------------------------------------
-----------------------------------------
| manipularl/             |             |
|    collision_rate       | 0.19        |
|    grasp_curriculum     | 0           |
|    grasp_failure_rate   | 0.791       |
|    insert_depth_mean    | 0           |
|    obstacle_range_hi    | 5           |
|    obstacle_range_lo    | 2           |
|    success_rate         | 0.72        |
| rollout/                |             |
|    ep_len_mean          | 80.6        |
|    ep_rew_mean          | 40.4        |
| time/                   |             |
|    fps                  | 1710        |
|    iterations           | 31          |
|    time_elapsed         | 111         |
|    total_timesteps      | 190464      |
| train/                  |             |
|    approx_kl            | 0.080805294 |
|    clip_fraction        | 0.39        |
|    clip_range           | 0.2         |
|    entropy_loss         | -17.3       |
|    explained_variance   | 0.852       |
|    learning_rate        | 0.0003      |
|    loss                 | 12.1        |
|    n_updates            | 13580       |
|    policy_gradient_loss | -0.0639     |
|    std                  | 3.4         |
|    value_loss           | 42.1        |
-----------------------------------------
----------------------------------------
| manipularl/             |            |
|    collision_rate       | 0.26       |
|    grasp_curriculum     | 0          |
|    grasp_failure_rate   | 0.807      |
|    insert_depth_mean    | 0          |
|    obstacle_range_hi    | 5          |
|    obstacle_range_lo    | 2          |
|    success_rate         | 0.67       |
| rollout/                |            |
|    ep_len_mean          | 72.4       |
|    ep_rew_mean          | 38.1       |
| time/                   |            |
|    fps                  | 1716       |
|    iterations           | 32         |
|    time_elapsed         | 114        |
|    total_timesteps      | 196608     |
| train/                  |            |
|    approx_kl            | 0.09167834 |
|    clip_fraction        | 0.4        |
|    clip_range           | 0.2        |
|    entropy_loss         | -17.3      |
|    explained_variance   | 0.853      |
|    learning_rate        | 0.0003     |
|    loss                 | 11.6       |
|    n_updates            | 13590      |
|    policy_gradient_loss | -0.0682    |
|    std                  | 3.41       |
|    value_loss           | 37.9       |
----------------------------------------
Eval num_timesteps=199968, episode_reward=49.16 +/- 24.26
Episode length: 58.10 +/- 68.97
----------------------------------------
| eval/                   |            |
|    mean_ep_length       | 58.1       |
|    mean_reward          | 49.2       |
| manipularl/             |            |
|    collision_rate       | 0.3        |
|    grasp_curriculum     | 0          |
|    grasp_failure_rate   | 0.811      |
|    insert_depth_mean    | 0          |
|    obstacle_range_hi    | 5          |
|    obstacle_range_lo    | 2          |
|    success_rate         | 0.62       |
| time/                   |            |
|    total_timesteps      | 199968     |
| train/                  |            |
|    approx_kl            | 0.09833876 |
|    clip_fraction        | 0.411      |
|    clip_range           | 0.2        |
|    entropy_loss         | -17.3      |
|    explained_variance   | 0.899      |
|    learning_rate        | 0.0003     |
|    loss                 | 9.3        |
|    n_updates            | 13600      |
|    policy_gradient_loss | -0.0696    |
|    std                  | 3.41       |
|    value_loss           | 29.7       |
----------------------------------------
------------------------------------
| manipularl/           |          |
|    collision_rate     | 0.26     |
|    grasp_curriculum   | 0        |
|    grasp_failure_rate | 0.794    |
|    insert_depth_mean  | 0        |
|    obstacle_range_hi  | 5        |
|    obstacle_range_lo  | 2        |
|    success_rate       | 0.68     |
| rollout/              |          |
|    ep_len_mean        | 70.2     |
|    ep_rew_mean        | 38.3     |
| time/                 |          |
|    fps                | 1692     |
|    iterations         | 33       |
|    time_elapsed       | 119      |
|    total_timesteps    | 202752   |
------------------------------------
[train] saved runs/phase3_ppo_v8_jitter_finegrain/model.zip and runs/phase3_ppo_v8_jitter_finegrain/vecnormalize.pkl
