=== ckpt_500000 ===
pybullet build time: Nov 28 2023 23:45:17
[       in_dist] success=0.015 collision=0.005 steps=393 path_eff=0.05 depth=0.001 tilt=0.1
[eval] wrote results/ckpt_sweep_phase4_h2h3_surgery/ckpt_500000.csv
=== ckpt_1000000 ===
pybullet build time: Nov 28 2023 23:45:17
[       in_dist] success=0.015 collision=0.005 steps=393 path_eff=0.05 depth=0.001 tilt=0.1
[eval] wrote results/ckpt_sweep_phase4_h2h3_surgery/ckpt_1000000.csv
=== ckpt_1500000 ===
pybullet build time: Nov 28 2023 23:45:17
[       in_dist] success=0.015 collision=0.005 steps=393 path_eff=0.04 depth=0.001 tilt=0.1
[eval] wrote results/ckpt_sweep_phase4_h2h3_surgery/ckpt_1500000.csv
=== ckpt_2000000 ===
pybullet build time: Nov 28 2023 23:45:17
[       in_dist] success=0.015 collision=0.005 steps=393 path_eff=0.05 depth=0.001 tilt=0.1
[eval] wrote results/ckpt_sweep_phase4_h2h3_surgery/ckpt_2000000.csv
=== ckpt_2500000 ===
pybullet build time: Nov 28 2023 23:45:17
[       in_dist] success=0.015 collision=0.005 steps=393 path_eff=0.05 depth=0.001 tilt=0.1
[eval] wrote results/ckpt_sweep_phase4_h2h3_surgery/ckpt_2500000.csv
=== ckpt_3000000 ===
pybullet build time: Nov 28 2023 23:45:17
[       in_dist] success=0.015 collision=0.000 steps=394 path_eff=0.05 depth=0.001 tilt=0.1
[eval] wrote results/ckpt_sweep_phase4_h2h3_surgery/ckpt_3000000.csv
=== ckpt_3500000 ===
pybullet build time: Nov 28 2023 23:45:17
[       in_dist] success=0.015 collision=0.000 steps=394 path_eff=0.05 depth=0.001 tilt=0.1
[eval] wrote results/ckpt_sweep_phase4_h2h3_surgery/ckpt_3500000.csv
=== ckpt_4000000 ===
pybullet build time: Nov 28 2023 23:45:17
[       in_dist] success=0.015 collision=0.005 steps=393 path_eff=0.05 depth=0.001 tilt=0.1
[eval] wrote results/ckpt_sweep_phase4_h2h3_surgery/ckpt_4000000.csv
=== ckpt_4500000 ===
pybullet build time: Nov 28 2023 23:45:17
[       in_dist] success=0.015 collision=0.005 steps=393 path_eff=0.05 depth=0.001 tilt=0.1
[eval] wrote results/ckpt_sweep_phase4_h2h3_surgery/ckpt_4500000.csv
=== ckpt_5000000 ===
pybullet build time: Nov 28 2023 23:45:17
[       in_dist] success=0.015 collision=0.010 steps=392 path_eff=0.05 depth=0.001 tilt=0.1
[eval] wrote results/ckpt_sweep_phase4_h2h3_surgery/ckpt_5000000.csv
=== ckpt_best ===
pybullet build time: Nov 28 2023 23:45:17
[       in_dist] success=0.015 collision=0.010 steps=392 path_eff=0.05 depth=0.001 tilt=0.1
[eval] wrote results/ckpt_sweep_phase4_h2h3_surgery/ckpt_best.csv
ALL_DONE
